Archive member included because of file (symbol)

../../../../../libopencm3//lib/libopencm3_stm32f4.a(gpio_common_all.o)
                              miniblink.o (gpio_toggle)
../../../../../libopencm3//lib/libopencm3_stm32f4.a(gpio_common_f0234.o)
                              miniblink.o (gpio_mode_setup)
../../../../../libopencm3//lib/libopencm3_stm32f4.a(rcc_common_all.o)
                              miniblink.o (rcc_periph_clock_enable)
../../../../../libopencm3//lib/libopencm3_stm32f4.a(vector.o)
                              (reset_handler)

Discarded input sections

 .text          0x0000000000000000        0x0 miniblink.o
 .data          0x0000000000000000        0x0 miniblink.o
 .bss           0x0000000000000000        0x0 miniblink.o
 .group         0x0000000000000000        0x8 ../../../../../libopencm3//lib/libopencm3_stm32f4.a(gpio_common_all.o)
 .group         0x0000000000000000        0x8 ../../../../../libopencm3//lib/libopencm3_stm32f4.a(gpio_common_all.o)
 .group         0x0000000000000000        0x8 ../../../../../libopencm3//lib/libopencm3_stm32f4.a(gpio_common_all.o)
 .group         0x0000000000000000        0x8 ../../../../../libopencm3//lib/libopencm3_stm32f4.a(gpio_common_all.o)
 .group         0x0000000000000000        0x8 ../../../../../libopencm3//lib/libopencm3_stm32f4.a(gpio_common_all.o)
 .group         0x0000000000000000        0x8 ../../../../../libopencm3//lib/libopencm3_stm32f4.a(gpio_common_all.o)
 .group         0x0000000000000000        0x8 ../../../../../libopencm3//lib/libopencm3_stm32f4.a(gpio_common_all.o)
 .group         0x0000000000000000        0x8 ../../../../../libopencm3//lib/libopencm3_stm32f4.a(gpio_common_all.o)
 .group         0x0000000000000000        0x8 ../../../../../libopencm3//lib/libopencm3_stm32f4.a(gpio_common_all.o)
 .group         0x0000000000000000        0x8 ../../../../../libopencm3//lib/libopencm3_stm32f4.a(gpio_common_all.o)
 .group         0x0000000000000000        0x8 ../../../../../libopencm3//lib/libopencm3_stm32f4.a(gpio_common_all.o)
 .text          0x0000000000000000        0x0 ../../../../../libopencm3//lib/libopencm3_stm32f4.a(gpio_common_all.o)
 .data          0x0000000000000000        0x0 ../../../../../libopencm3//lib/libopencm3_stm32f4.a(gpio_common_all.o)
 .bss           0x0000000000000000        0x0 ../../../../../libopencm3//lib/libopencm3_stm32f4.a(gpio_common_all.o)
 .text.gpio_set
                0x0000000000000000        0x4 ../../../../../libopencm3//lib/libopencm3_stm32f4.a(gpio_common_all.o)
 .text.gpio_clear
                0x0000000000000000        0x6 ../../../../../libopencm3//lib/libopencm3_stm32f4.a(gpio_common_all.o)
 .text.gpio_get
                0x0000000000000000        0x6 ../../../../../libopencm3//lib/libopencm3_stm32f4.a(gpio_common_all.o)
 .text.gpio_port_read
                0x0000000000000000        0x6 ../../../../../libopencm3//lib/libopencm3_stm32f4.a(gpio_common_all.o)
 .text.gpio_port_write
                0x0000000000000000        0x4 ../../../../../libopencm3//lib/libopencm3_stm32f4.a(gpio_common_all.o)
 .text.gpio_port_config_lock
                0x0000000000000000       0x10 ../../../../../libopencm3//lib/libopencm3_stm32f4.a(gpio_common_all.o)
 .group         0x0000000000000000        0x8 ../../../../../libopencm3//lib/libopencm3_stm32f4.a(gpio_common_f0234.o)
 .group         0x0000000000000000        0x8 ../../../../../libopencm3//lib/libopencm3_stm32f4.a(gpio_common_f0234.o)
 .group         0x0000000000000000        0x8 ../../../../../libopencm3//lib/libopencm3_stm32f4.a(gpio_common_f0234.o)
 .group         0x0000000000000000        0x8 ../../../../../libopencm3//lib/libopencm3_stm32f4.a(gpio_common_f0234.o)
 .group         0x0000000000000000        0x8 ../../../../../libopencm3//lib/libopencm3_stm32f4.a(gpio_common_f0234.o)
 .group         0x0000000000000000        0x8 ../../../../../libopencm3//lib/libopencm3_stm32f4.a(gpio_common_f0234.o)
 .group         0x0000000000000000        0x8 ../../../../../libopencm3//lib/libopencm3_stm32f4.a(gpio_common_f0234.o)
 .group         0x0000000000000000        0x8 ../../../../../libopencm3//lib/libopencm3_stm32f4.a(gpio_common_f0234.o)
 .group         0x0000000000000000        0x8 ../../../../../libopencm3//lib/libopencm3_stm32f4.a(gpio_common_f0234.o)
 .group         0x0000000000000000        0x8 ../../../../../libopencm3//lib/libopencm3_stm32f4.a(gpio_common_f0234.o)
 .group         0x0000000000000000        0x8 ../../../../../libopencm3//lib/libopencm3_stm32f4.a(gpio_common_f0234.o)
 .text          0x0000000000000000        0x0 ../../../../../libopencm3//lib/libopencm3_stm32f4.a(gpio_common_f0234.o)
 .data          0x0000000000000000        0x0 ../../../../../libopencm3//lib/libopencm3_stm32f4.a(gpio_common_f0234.o)
 .bss           0x0000000000000000        0x0 ../../../../../libopencm3//lib/libopencm3_stm32f4.a(gpio_common_f0234.o)
 .text.gpio_set_output_options
                0x0000000000000000       0x34 ../../../../../libopencm3//lib/libopencm3_stm32f4.a(gpio_common_f0234.o)
 .text.gpio_set_af
                0x0000000000000000       0x50 ../../../../../libopencm3//lib/libopencm3_stm32f4.a(gpio_common_f0234.o)
 .debug_macro   0x0000000000000000      0x856 ../../../../../libopencm3//lib/libopencm3_stm32f4.a(gpio_common_f0234.o)
 .debug_macro   0x0000000000000000       0x16 ../../../../../libopencm3//lib/libopencm3_stm32f4.a(gpio_common_f0234.o)
 .debug_macro   0x0000000000000000       0x44 ../../../../../libopencm3//lib/libopencm3_stm32f4.a(gpio_common_f0234.o)
 .debug_macro   0x0000000000000000      0x209 ../../../../../libopencm3//lib/libopencm3_stm32f4.a(gpio_common_f0234.o)
 .debug_macro   0x0000000000000000       0x22 ../../../../../libopencm3//lib/libopencm3_stm32f4.a(gpio_common_f0234.o)
 .debug_macro   0x0000000000000000       0xfa ../../../../../libopencm3//lib/libopencm3_stm32f4.a(gpio_common_f0234.o)
 .debug_macro   0x0000000000000000       0x52 ../../../../../libopencm3//lib/libopencm3_stm32f4.a(gpio_common_f0234.o)
 .debug_macro   0x0000000000000000      0x21c ../../../../../libopencm3//lib/libopencm3_stm32f4.a(gpio_common_f0234.o)
 .debug_macro   0x0000000000000000       0x76 ../../../../../libopencm3//lib/libopencm3_stm32f4.a(gpio_common_f0234.o)
 .debug_macro   0x0000000000000000      0x2e6 ../../../../../libopencm3//lib/libopencm3_stm32f4.a(gpio_common_f0234.o)
 .debug_macro   0x0000000000000000       0xca ../../../../../libopencm3//lib/libopencm3_stm32f4.a(gpio_common_f0234.o)
 .group         0x0000000000000000        0x8 ../../../../../libopencm3//lib/libopencm3_stm32f4.a(rcc_common_all.o)
 .group         0x0000000000000000        0x8 ../../../../../libopencm3//lib/libopencm3_stm32f4.a(rcc_common_all.o)
 .group         0x0000000000000000        0x8 ../../../../../libopencm3//lib/libopencm3_stm32f4.a(rcc_common_all.o)
 .group         0x0000000000000000        0x8 ../../../../../libopencm3//lib/libopencm3_stm32f4.a(rcc_common_all.o)
 .group         0x0000000000000000        0x8 ../../../../../libopencm3//lib/libopencm3_stm32f4.a(rcc_common_all.o)
 .group         0x0000000000000000        0x8 ../../../../../libopencm3//lib/libopencm3_stm32f4.a(rcc_common_all.o)
 .group         0x0000000000000000        0x8 ../../../../../libopencm3//lib/libopencm3_stm32f4.a(rcc_common_all.o)
 .group         0x0000000000000000        0x8 ../../../../../libopencm3//lib/libopencm3_stm32f4.a(rcc_common_all.o)
 .group         0x0000000000000000        0x8 ../../../../../libopencm3//lib/libopencm3_stm32f4.a(rcc_common_all.o)
 .text          0x0000000000000000        0x0 ../../../../../libopencm3//lib/libopencm3_stm32f4.a(rcc_common_all.o)
 .data          0x0000000000000000        0x0 ../../../../../libopencm3//lib/libopencm3_stm32f4.a(rcc_common_all.o)
 .bss           0x0000000000000000        0x0 ../../../../../libopencm3//lib/libopencm3_stm32f4.a(rcc_common_all.o)
 .text.rcc_peripheral_enable_clock
                0x0000000000000000        0x8 ../../../../../libopencm3//lib/libopencm3_stm32f4.a(rcc_common_all.o)
 .text.rcc_peripheral_disable_clock
                0x0000000000000000        0xa ../../../../../libopencm3//lib/libopencm3_stm32f4.a(rcc_common_all.o)
 .text.rcc_peripheral_reset
                0x0000000000000000        0x8 ../../../../../libopencm3//lib/libopencm3_stm32f4.a(rcc_common_all.o)
 .text.rcc_peripheral_clear_reset
                0x0000000000000000        0xa ../../../../../libopencm3//lib/libopencm3_stm32f4.a(rcc_common_all.o)
 .text.rcc_periph_clock_disable
                0x0000000000000000       0x1e ../../../../../libopencm3//lib/libopencm3_stm32f4.a(rcc_common_all.o)
 .text.rcc_periph_reset_pulse
                0x0000000000000000       0x24 ../../../../../libopencm3//lib/libopencm3_stm32f4.a(rcc_common_all.o)
 .text.rcc_periph_reset_hold
                0x0000000000000000       0x1c ../../../../../libopencm3//lib/libopencm3_stm32f4.a(rcc_common_all.o)
 .text.rcc_periph_reset_release
                0x0000000000000000       0x1e ../../../../../libopencm3//lib/libopencm3_stm32f4.a(rcc_common_all.o)
 .text.rcc_set_mco
                0x0000000000000000       0x14 ../../../../../libopencm3//lib/libopencm3_stm32f4.a(rcc_common_all.o)
 .debug_macro   0x0000000000000000      0x856 ../../../../../libopencm3//lib/libopencm3_stm32f4.a(rcc_common_all.o)
 .debug_macro   0x0000000000000000       0x16 ../../../../../libopencm3//lib/libopencm3_stm32f4.a(rcc_common_all.o)
 .debug_macro   0x0000000000000000       0x44 ../../../../../libopencm3//lib/libopencm3_stm32f4.a(rcc_common_all.o)
 .debug_macro   0x0000000000000000      0x209 ../../../../../libopencm3//lib/libopencm3_stm32f4.a(rcc_common_all.o)
 .debug_macro   0x0000000000000000       0x22 ../../../../../libopencm3//lib/libopencm3_stm32f4.a(rcc_common_all.o)
 .debug_macro   0x0000000000000000       0xfa ../../../../../libopencm3//lib/libopencm3_stm32f4.a(rcc_common_all.o)
 .debug_macro   0x0000000000000000       0x52 ../../../../../libopencm3//lib/libopencm3_stm32f4.a(rcc_common_all.o)
 .debug_macro   0x0000000000000000      0x21c ../../../../../libopencm3//lib/libopencm3_stm32f4.a(rcc_common_all.o)
 .group         0x0000000000000000        0x8 ../../../../../libopencm3//lib/libopencm3_stm32f4.a(vector.o)
 .group         0x0000000000000000        0x8 ../../../../../libopencm3//lib/libopencm3_stm32f4.a(vector.o)
 .group         0x0000000000000000        0x8 ../../../../../libopencm3//lib/libopencm3_stm32f4.a(vector.o)
 .group         0x0000000000000000        0x8 ../../../../../libopencm3//lib/libopencm3_stm32f4.a(vector.o)
 .group         0x0000000000000000        0x8 ../../../../../libopencm3//lib/libopencm3_stm32f4.a(vector.o)
 .group         0x0000000000000000        0x8 ../../../../../libopencm3//lib/libopencm3_stm32f4.a(vector.o)
 .group         0x0000000000000000        0x8 ../../../../../libopencm3//lib/libopencm3_stm32f4.a(vector.o)
 .group         0x0000000000000000        0x8 ../../../../../libopencm3//lib/libopencm3_stm32f4.a(vector.o)
 .group         0x0000000000000000        0x8 ../../../../../libopencm3//lib/libopencm3_stm32f4.a(vector.o)
 .group         0x0000000000000000        0x8 ../../../../../libopencm3//lib/libopencm3_stm32f4.a(vector.o)
 .text          0x0000000000000000        0x0 ../../../../../libopencm3//lib/libopencm3_stm32f4.a(vector.o)
 .data          0x0000000000000000        0x0 ../../../../../libopencm3//lib/libopencm3_stm32f4.a(vector.o)
 .bss           0x0000000000000000        0x0 ../../../../../libopencm3//lib/libopencm3_stm32f4.a(vector.o)
 .debug_macro   0x0000000000000000      0x856 ../../../../../libopencm3//lib/libopencm3_stm32f4.a(vector.o)
 .debug_macro   0x0000000000000000       0x16 ../../../../../libopencm3//lib/libopencm3_stm32f4.a(vector.o)
 .debug_macro   0x0000000000000000       0x44 ../../../../../libopencm3//lib/libopencm3_stm32f4.a(vector.o)
 .debug_macro   0x0000000000000000      0x209 ../../../../../libopencm3//lib/libopencm3_stm32f4.a(vector.o)
 .debug_macro   0x0000000000000000       0x22 ../../../../../libopencm3//lib/libopencm3_stm32f4.a(vector.o)
 .debug_macro   0x0000000000000000       0xfa ../../../../../libopencm3//lib/libopencm3_stm32f4.a(vector.o)
 .debug_macro   0x0000000000000000       0x52 ../../../../../libopencm3//lib/libopencm3_stm32f4.a(vector.o)

Memory Configuration

Name             Origin             Length             Attributes
rom              0x0000000008000000 0x0000000000100000 xr
ram              0x0000000020000000 0x0000000000020000 xrw
*default*        0x0000000000000000 0xffffffffffffffff

Linker script and memory map

LOAD miniblink.o
LOAD ../../../../../libopencm3//lib/libopencm3_stm32f4.a
START GROUP
LOAD /Users/franmolinaca/dev/gcc-arm-none-eabi-4_8-2014q1/bin/../lib/gcc/arm-none-eabi/4.8.3/../../../../arm-none-eabi/lib/armv7e-m/fpu/libc.a
LOAD /Users/franmolinaca/dev/gcc-arm-none-eabi-4_8-2014q1/bin/../lib/gcc/arm-none-eabi/4.8.3/armv7e-m/fpu/libgcc.a
LOAD /Users/franmolinaca/dev/gcc-arm-none-eabi-4_8-2014q1/bin/../lib/gcc/arm-none-eabi/4.8.3/../../../../arm-none-eabi/lib/armv7e-m/fpu/libnosys.a
END GROUP
START GROUP
LOAD /Users/franmolinaca/dev/gcc-arm-none-eabi-4_8-2014q1/bin/../lib/gcc/arm-none-eabi/4.8.3/armv7e-m/fpu/libgcc.a
LOAD /Users/franmolinaca/dev/gcc-arm-none-eabi-4_8-2014q1/bin/../lib/gcc/arm-none-eabi/4.8.3/../../../../arm-none-eabi/lib/armv7e-m/fpu/libc.a
END GROUP

.text           0x0000000008000000      0x2e4
 *(.vectors)
 .vectors       0x0000000008000000      0x1ac ../../../../../libopencm3//lib/libopencm3_stm32f4.a(vector.o)
                0x0000000008000000                vector_table
 *(.text*)
 .text.startup.main
                0x00000000080001ac       0x34 miniblink.o
                0x00000000080001ac                main
 .text.gpio_toggle
                0x00000000080001e0       0x10 ../../../../../libopencm3//lib/libopencm3_stm32f4.a(gpio_common_all.o)
                0x00000000080001e0                gpio_toggle
 .text.gpio_mode_setup
                0x00000000080001f0       0x44 ../../../../../libopencm3//lib/libopencm3_stm32f4.a(gpio_common_f0234.o)
                0x00000000080001f0                gpio_mode_setup
 .text.rcc_periph_clock_enable
                0x0000000008000234       0x1c ../../../../../libopencm3//lib/libopencm3_stm32f4.a(rcc_common_all.o)
                0x0000000008000234                rcc_periph_clock_enable
 .text.blocking_handler
                0x0000000008000250        0x2 ../../../../../libopencm3//lib/libopencm3_stm32f4.a(vector.o)
                0x0000000008000250                exti0_isr
                0x0000000008000250                tim8_brk_tim12_isr
                0x0000000008000250                dma1_stream7_isr
                0x0000000008000250                usart3_isr
                0x0000000008000250                tim7_isr
                0x0000000008000250                dma2d_isr
                0x0000000008000250                uart8_isr
                0x0000000008000250                dma1_stream2_isr
                0x0000000008000250                otg_hs_isr
                0x0000000008000250                blocking_handler
                0x0000000008000250                tim5_isr
                0x0000000008000250                rtc_wkup_isr
                0x0000000008000250                otg_fs_isr
                0x0000000008000250                spi1_isr
                0x0000000008000250                i2c3_er_isr
                0x0000000008000250                exti2_isr
                0x0000000008000250                spi5_isr
                0x0000000008000250                usb_fs_wkup_isr
                0x0000000008000250                tamp_stamp_isr
                0x0000000008000250                can1_rx1_isr
                0x0000000008000250                dma2_stream0_isr
                0x0000000008000250                usart1_isr
                0x0000000008000250                i2c3_ev_isr
                0x0000000008000250                usage_fault_handler
                0x0000000008000250                can2_rx0_isr
                0x0000000008000250                dma1_stream6_isr
                0x0000000008000250                can2_rx1_isr
                0x0000000008000250                can1_sce_isr
                0x0000000008000250                tim1_cc_isr
                0x0000000008000250                can1_tx_isr
                0x0000000008000250                tim1_up_tim10_isr
                0x0000000008000250                sdio_isr
                0x0000000008000250                eth_isr
                0x0000000008000250                spi6_isr
                0x0000000008000250                dma2_stream5_isr
                0x0000000008000250                pvd_isr
                0x0000000008000250                can1_rx0_isr
                0x0000000008000250                rcc_isr
                0x0000000008000250                dma2_stream3_isr
                0x0000000008000250                flash_isr
                0x0000000008000250                uart4_isr
                0x0000000008000250                lcd_tft_isr
                0x0000000008000250                rtc_alarm_isr
                0x0000000008000250                exti15_10_isr
                0x0000000008000250                hash_rng_isr
                0x0000000008000250                tim1_trg_com_tim11_isr
                0x0000000008000250                hard_fault_handler
                0x0000000008000250                exti1_isr
                0x0000000008000250                i2c1_ev_isr
                0x0000000008000250                usart6_isr
                0x0000000008000250                spi2_isr
                0x0000000008000250                cryp_isr
                0x0000000008000250                nvic_wwdg_isr
                0x0000000008000250                dma1_stream1_isr
                0x0000000008000250                dma2_stream4_isr
                0x0000000008000250                exti3_isr
                0x0000000008000250                tim3_isr
                0x0000000008000250                usart2_isr
                0x0000000008000250                sai1_isr
                0x0000000008000250                fpu_isr
                0x0000000008000250                dma1_stream4_isr
                0x0000000008000250                i2c2_er_isr
                0x0000000008000250                i2c2_ev_isr
                0x0000000008000250                uart5_isr
                0x0000000008000250                dma2_stream6_isr
                0x0000000008000250                spi4_isr
                0x0000000008000250                adc_isr
                0x0000000008000250                dma2_stream7_isr
                0x0000000008000250                tim8_up_tim13_isr
                0x0000000008000250                fsmc_isr
                0x0000000008000250                exti4_isr
                0x0000000008000250                tim6_dac_isr
                0x0000000008000250                dma1_stream3_isr
                0x0000000008000250                tim8_trg_com_tim14_isr
                0x0000000008000250                mem_manage_handler
                0x0000000008000250                lcd_tft_err_isr
                0x0000000008000250                can2_tx_isr
                0x0000000008000250                exti9_5_isr
                0x0000000008000250                tim1_brk_tim9_isr
                0x0000000008000250                uart7_isr
                0x0000000008000250                can2_sce_isr
                0x0000000008000250                tim4_isr
                0x0000000008000250                otg_hs_wkup_isr
                0x0000000008000250                i2c1_er_isr
                0x0000000008000250                dma1_stream0_isr
                0x0000000008000250                tim8_cc_isr
                0x0000000008000250                dcmi_isr
                0x0000000008000250                dma2_stream2_isr
                0x0000000008000250                eth_wkup_isr
                0x0000000008000250                bus_fault_handler
                0x0000000008000250                otg_hs_ep1_out_isr
                0x0000000008000250                spi3_isr
                0x0000000008000250                dma1_stream5_isr
                0x0000000008000250                otg_hs_ep1_in_isr
                0x0000000008000250                tim2_isr
                0x0000000008000250                dma2_stream1_isr
 .text.null_handler
                0x0000000008000252        0x2 ../../../../../libopencm3//lib/libopencm3_stm32f4.a(vector.o)
                0x0000000008000252                null_handler
                0x0000000008000252                sv_call_handler
                0x0000000008000252                pend_sv_handler
                0x0000000008000252                debug_monitor_handler
                0x0000000008000252                sys_tick_handler
                0x0000000008000252                nmi_handler
 .text.reset_handler
                0x0000000008000254       0x90 ../../../../../libopencm3//lib/libopencm3_stm32f4.a(vector.o)
                0x0000000008000254                reset_handler
                0x00000000080002e4                . = ALIGN (0x4)
 *(.rodata*)
                0x00000000080002e4                . = ALIGN (0x4)

.glue_7         0x00000000080002e4        0x0
 .glue_7        0x0000000000000000        0x0 linker stubs

.glue_7t        0x00000000080002e4        0x0
 .glue_7t       0x0000000000000000        0x0 linker stubs

.vfp11_veneer   0x00000000080002e4        0x0
 .vfp11_veneer  0x0000000000000000        0x0 linker stubs

.v4_bx          0x00000000080002e4        0x0
 .v4_bx         0x0000000000000000        0x0 linker stubs

.iplt           0x00000000080002e4        0x0
 .iplt          0x0000000000000000        0x0 miniblink.o

.rel.dyn        0x00000000080002e4        0x0
 .rel.iplt      0x0000000000000000        0x0 miniblink.o

.preinit_array  0x00000000080002e4        0x0
                0x00000000080002e4                . = ALIGN (0x4)
                0x00000000080002e4                __preinit_array_start = .
 *(.preinit_array)
                0x00000000080002e4                __preinit_array_end = .

.init_array     0x00000000080002e4        0x0
                0x00000000080002e4                . = ALIGN (0x4)
                0x00000000080002e4                __init_array_start = .
 *(SORT(.init_array.*))
 *(.init_array)
                0x00000000080002e4                __init_array_end = .

.fini_array     0x00000000080002e4        0x0
                0x00000000080002e4                . = ALIGN (0x4)
                0x00000000080002e4                __fini_array_start = .
 *(.fini_array)
 *(SORT(.fini_array.*))
                0x00000000080002e4                __fini_array_end = .

.ARM.extab
 *(.ARM.extab*)

.ARM.exidx      0x00000000080002e4        0x0
                0x00000000080002e4                __exidx_start = .
 *(.ARM.exidx*)
                0x00000000080002e4                __exidx_end = .
                0x00000000080002e4                . = ALIGN (0x4)
                0x00000000080002e4                _etext = .

.data           0x0000000020000000        0x0 load address 0x00000000080002e4
                0x0000000020000000                _data = .
 *(.data*)
                0x0000000020000000                . = ALIGN (0x4)
                0x0000000020000000                _edata = .
                0x00000000080002e4                _data_loadaddr = LOADADDR (.data)

.igot.plt       0x0000000020000000        0x0 load address 0x00000000080002e4
 .igot.plt      0x0000000000000000        0x0 miniblink.o

.bss            0x0000000020000000        0x0 load address 0x00000000080002e4
 *(.bss*)
 *(COMMON)
                0x0000000020000000                . = ALIGN (0x4)
                0x0000000020000000                _ebss = .

/DISCARD/
 *(.eh_frame)
                0x0000000020000000                . = ALIGN (0x4)
                0x0000000020000000                end = .
                0x0000000020020000                PROVIDE (_stack, (ORIGIN (ram) + 0x20000))
OUTPUT(miniblink.elf elf32-littlearm)

.debug_info     0x0000000000000000     0x1400
 .debug_info    0x0000000000000000      0x56a miniblink.o
 .debug_info    0x000000000000056a      0x22c ../../../../../libopencm3//lib/libopencm3_stm32f4.a(gpio_common_all.o)
 .debug_info    0x0000000000000796      0x1eb ../../../../../libopencm3//lib/libopencm3_stm32f4.a(gpio_common_f0234.o)
 .debug_info    0x0000000000000981      0x7cc ../../../../../libopencm3//lib/libopencm3_stm32f4.a(rcc_common_all.o)
 .debug_info    0x000000000000114d      0x2b3 ../../../../../libopencm3//lib/libopencm3_stm32f4.a(vector.o)

.debug_abbrev   0x0000000000000000      0x4bc
 .debug_abbrev  0x0000000000000000       0xfc miniblink.o
 .debug_abbrev  0x00000000000000fc      0x10e ../../../../../libopencm3//lib/libopencm3_stm32f4.a(gpio_common_all.o)
 .debug_abbrev  0x000000000000020a       0xb7 ../../../../../libopencm3//lib/libopencm3_stm32f4.a(gpio_common_f0234.o)
 .debug_abbrev  0x00000000000002c1       0xc1 ../../../../../libopencm3//lib/libopencm3_stm32f4.a(rcc_common_all.o)
 .debug_abbrev  0x0000000000000382      0x13a ../../../../../libopencm3//lib/libopencm3_stm32f4.a(vector.o)

.debug_loc      0x0000000000000000      0x413
 .debug_loc     0x0000000000000000       0x4d miniblink.o
 .debug_loc     0x000000000000004d       0x76 ../../../../../libopencm3//lib/libopencm3_stm32f4.a(gpio_common_all.o)
 .debug_loc     0x00000000000000c3      0x111 ../../../../../libopencm3//lib/libopencm3_stm32f4.a(gpio_common_f0234.o)
 .debug_loc     0x00000000000001d4      0x14a ../../../../../libopencm3//lib/libopencm3_stm32f4.a(rcc_common_all.o)
 .debug_loc     0x000000000000031e       0xf5 ../../../../../libopencm3//lib/libopencm3_stm32f4.a(vector.o)

.debug_aranges  0x0000000000000000      0x138
 .debug_aranges
                0x0000000000000000       0x20 miniblink.o
 .debug_aranges
                0x0000000000000020       0x50 ../../../../../libopencm3//lib/libopencm3_stm32f4.a(gpio_common_all.o)
 .debug_aranges
                0x0000000000000070       0x30 ../../../../../libopencm3//lib/libopencm3_stm32f4.a(gpio_common_f0234.o)
 .debug_aranges
                0x00000000000000a0       0x68 ../../../../../libopencm3//lib/libopencm3_stm32f4.a(rcc_common_all.o)
 .debug_aranges
                0x0000000000000108       0x30 ../../../../../libopencm3//lib/libopencm3_stm32f4.a(vector.o)

.debug_ranges   0x0000000000000000      0x100
 .debug_ranges  0x0000000000000000       0x10 miniblink.o
 .debug_ranges  0x0000000000000010       0x40 ../../../../../libopencm3//lib/libopencm3_stm32f4.a(gpio_common_all.o)
 .debug_ranges  0x0000000000000050       0x20 ../../../../../libopencm3//lib/libopencm3_stm32f4.a(gpio_common_f0234.o)
 .debug_ranges  0x0000000000000070       0x58 ../../../../../libopencm3//lib/libopencm3_stm32f4.a(rcc_common_all.o)
 .debug_ranges  0x00000000000000c8       0x38 ../../../../../libopencm3//lib/libopencm3_stm32f4.a(vector.o)

.debug_line     0x0000000000000000      0xf3c
 .debug_line    0x0000000000000000      0x1c4 miniblink.o
 .debug_line    0x00000000000001c4      0x366 ../../../../../libopencm3//lib/libopencm3_stm32f4.a(gpio_common_all.o)
 .debug_line    0x000000000000052a      0x344 ../../../../../libopencm3//lib/libopencm3_stm32f4.a(gpio_common_f0234.o)
 .debug_line    0x000000000000086e      0x360 ../../../../../libopencm3//lib/libopencm3_stm32f4.a(rcc_common_all.o)
 .debug_line    0x0000000000000bce      0x36e ../../../../../libopencm3//lib/libopencm3_stm32f4.a(vector.o)

.debug_str      0x0000000000000000     0xaeb5
 .debug_str     0x0000000000000000      0x701 miniblink.o
                                        0x7a4 (size before relaxing)
 .debug_str     0x0000000000000701     0x525a ../../../../../libopencm3//lib/libopencm3_stm32f4.a(gpio_common_all.o)
                                       0x53dd (size before relaxing)
 .debug_str     0x000000000000595b       0x8a ../../../../../libopencm3//lib/libopencm3_stm32f4.a(gpio_common_f0234.o)
                                       0x53e4 (size before relaxing)
 .debug_str     0x00000000000059e5     0x2a8a ../../../../../libopencm3//lib/libopencm3_stm32f4.a(rcc_common_all.o)
                                       0x7231 (size before relaxing)
 .debug_str     0x000000000000846f     0x2a46 ../../../../../libopencm3//lib/libopencm3_stm32f4.a(vector.o)
                                       0x5ec0 (size before relaxing)

.comment        0x0000000000000000       0x70
 .comment       0x0000000000000000       0x70 miniblink.o
                                         0x71 (size before relaxing)
 .comment       0x0000000000000000       0x71 ../../../../../libopencm3//lib/libopencm3_stm32f4.a(gpio_common_all.o)
 .comment       0x0000000000000000       0x71 ../../../../../libopencm3//lib/libopencm3_stm32f4.a(gpio_common_f0234.o)
 .comment       0x0000000000000000       0x71 ../../../../../libopencm3//lib/libopencm3_stm32f4.a(rcc_common_all.o)
 .comment       0x0000000000000000       0x71 ../../../../../libopencm3//lib/libopencm3_stm32f4.a(vector.o)

.ARM.attributes
                0x0000000000000000       0x39
 .ARM.attributes
                0x0000000000000000       0x39 miniblink.o
 .ARM.attributes
                0x0000000000000039       0x39 ../../../../../libopencm3//lib/libopencm3_stm32f4.a(gpio_common_all.o)
 .ARM.attributes
                0x0000000000000072       0x39 ../../../../../libopencm3//lib/libopencm3_stm32f4.a(gpio_common_f0234.o)
 .ARM.attributes
                0x00000000000000ab       0x39 ../../../../../libopencm3//lib/libopencm3_stm32f4.a(rcc_common_all.o)
 .ARM.attributes
                0x00000000000000e4       0x39 ../../../../../libopencm3//lib/libopencm3_stm32f4.a(vector.o)

.debug_frame    0x0000000000000000      0x204
 .debug_frame   0x0000000000000000       0x28 miniblink.o
 .debug_frame   0x0000000000000028       0x80 ../../../../../libopencm3//lib/libopencm3_stm32f4.a(gpio_common_all.o)
 .debug_frame   0x00000000000000a8       0x6c ../../../../../libopencm3//lib/libopencm3_stm32f4.a(gpio_common_f0234.o)
 .debug_frame   0x0000000000000114       0xb0 ../../../../../libopencm3//lib/libopencm3_stm32f4.a(rcc_common_all.o)
 .debug_frame   0x00000000000001c4       0x40 ../../../../../libopencm3//lib/libopencm3_stm32f4.a(vector.o)

.debug_macro    0x0000000000000000     0x246b
 .debug_macro   0x0000000000000000       0xb7 ../../../../../libopencm3//lib/libopencm3_stm32f4.a(gpio_common_all.o)
 .debug_macro   0x00000000000000b7      0x856 ../../../../../libopencm3//lib/libopencm3_stm32f4.a(gpio_common_all.o)
 .debug_macro   0x000000000000090d       0x16 ../../../../../libopencm3//lib/libopencm3_stm32f4.a(gpio_common_all.o)
 .debug_macro   0x0000000000000923       0x44 ../../../../../libopencm3//lib/libopencm3_stm32f4.a(gpio_common_all.o)
 .debug_macro   0x0000000000000967      0x209 ../../../../../libopencm3//lib/libopencm3_stm32f4.a(gpio_common_all.o)
 .debug_macro   0x0000000000000b70       0x22 ../../../../../libopencm3//lib/libopencm3_stm32f4.a(gpio_common_all.o)
 .debug_macro   0x0000000000000b92       0xfa ../../../../../libopencm3//lib/libopencm3_stm32f4.a(gpio_common_all.o)
 .debug_macro   0x0000000000000c8c       0x52 ../../../../../libopencm3//lib/libopencm3_stm32f4.a(gpio_common_all.o)
 .debug_macro   0x0000000000000cde      0x21c ../../../../../libopencm3//lib/libopencm3_stm32f4.a(gpio_common_all.o)
 .debug_macro   0x0000000000000efa       0x76 ../../../../../libopencm3//lib/libopencm3_stm32f4.a(gpio_common_all.o)
 .debug_macro   0x0000000000000f70      0x2e6 ../../../../../libopencm3//lib/libopencm3_stm32f4.a(gpio_common_all.o)
 .debug_macro   0x0000000000001256       0xca ../../../../../libopencm3//lib/libopencm3_stm32f4.a(gpio_common_all.o)
 .debug_macro   0x0000000000001320       0xb1 ../../../../../libopencm3//lib/libopencm3_stm32f4.a(gpio_common_f0234.o)
 .debug_macro   0x00000000000013d1       0xae ../../../../../libopencm3//lib/libopencm3_stm32f4.a(rcc_common_all.o)
 .debug_macro   0x000000000000147f      0x8fb ../../../../../libopencm3//lib/libopencm3_stm32f4.a(rcc_common_all.o)
 .debug_macro   0x0000000000001d7a       0xb3 ../../../../../libopencm3//lib/libopencm3_stm32f4.a(vector.o)
 .debug_macro   0x0000000000001e2d       0x6b ../../../../../libopencm3//lib/libopencm3_stm32f4.a(vector.o)
 .debug_macro   0x0000000000001e98      0x22c ../../../../../libopencm3//lib/libopencm3_stm32f4.a(vector.o)
 .debug_macro   0x00000000000020c4      0x3a7 ../../../../../libopencm3//lib/libopencm3_stm32f4.a(vector.o)
